[2026-06-08T17:05:04.394+0000] {manager.py:483} INFO - Processing files using up to 1 processes at a time 
[2026-06-08T17:05:04.396+0000] {manager.py:484} INFO - Process each file at most once every 30 seconds
[2026-06-08T17:05:04.398+0000] {manager.py:485} INFO - Checking for new files in /opt/airflow/dags every 300 seconds
[2026-06-08T17:05:04.399+0000] {manager.py:821} INFO - Searching for files in /opt/airflow/dags
[2026-06-08T17:05:04.537+0000] {manager.py:824} INFO - There are 2 files in /opt/airflow/dags
[2026-06-08T17:05:14.647+0000] {manager.py:997} INFO - 
================================================================================
DAG File Processing Stats

File Path                           PID    Runtime      # DAGs    # Errors  Last Runtime    Last Run               Last # of DB Queries
----------------------------------  -----  ---------  --------  ----------  --------------  -------------------  ----------------------
/opt/airflow/dags/ride_pipeline.py                           1           0  9.79s           2026-06-08T17:05:14                      26
/opt/airflow/dags/test_sync.py                               0           0                                                            0
================================================================================
[2026-06-08T17:05:49.651+0000] {manager.py:997} INFO - 
================================================================================
DAG File Processing Stats

File Path                           PID    Runtime      # DAGs    # Errors  Last Runtime    Last Run               Last # of DB Queries
----------------------------------  -----  ---------  --------  ----------  --------------  -------------------  ----------------------
/opt/airflow/dags/ride_pipeline.py                           1           0  4.46s           2026-06-08T17:05:49                      12
/opt/airflow/dags/test_sync.py                               1           0  0.71s           2026-06-08T17:05:16                      24
================================================================================
[2026-06-08T17:06:20.806+0000] {manager.py:997} INFO - 
================================================================================
DAG File Processing Stats

File Path                           PID    Runtime      # DAGs    # Errors  Last Runtime    Last Run               Last # of DB Queries
----------------------------------  -----  ---------  --------  ----------  --------------  -------------------  ----------------------
/opt/airflow/dags/ride_pipeline.py                           1           0  0.91s           2026-06-08T17:06:20                      12
/opt/airflow/dags/test_sync.py                               1           0  0.54s           2026-06-08T17:05:51                      10
================================================================================
[2026-06-08T17:06:52.057+0000] {manager.py:997} INFO - 
================================================================================
DAG File Processing Stats

File Path                           PID    Runtime      # DAGs    # Errors  Last Runtime    Last Run               Last # of DB Queries
----------------------------------  -----  ---------  --------  ----------  --------------  -------------------  ----------------------
/opt/airflow/dags/ride_pipeline.py                           1           0  1.11s           2026-06-08T17:06:52                      12
/opt/airflow/dags/test_sync.py                               1           0  0.21s           2026-06-08T17:06:22                      10
================================================================================
[2026-06-08T17:07:23.346+0000] {manager.py:997} INFO - 
================================================================================
DAG File Processing Stats

File Path                           PID    Runtime      # DAGs    # Errors  Last Runtime    Last Run               Last # of DB Queries
----------------------------------  -----  ---------  --------  ----------  --------------  -------------------  ----------------------
/opt/airflow/dags/ride_pipeline.py                           1           0  1.11s           2026-06-08T17:07:23                      12
/opt/airflow/dags/test_sync.py                               1           0  0.21s           2026-06-08T17:06:53                      10
================================================================================
[2026-06-08T17:07:54.407+0000] {manager.py:997} INFO - 
================================================================================
DAG File Processing Stats

File Path                           PID    Runtime      # DAGs    # Errors  Last Runtime    Last Run               Last # of DB Queries
----------------------------------  -----  ---------  --------  ----------  --------------  -------------------  ----------------------
/opt/airflow/dags/ride_pipeline.py                           1           0  0.91s           2026-06-08T17:07:54                      12
/opt/airflow/dags/test_sync.py                               1           0  0.20s           2026-06-08T17:07:24                      10
================================================================================
[2026-06-08T17:08:25.541+0000] {manager.py:997} INFO - 
================================================================================
DAG File Processing Stats

File Path                           PID    Runtime      # DAGs    # Errors  Last Runtime    Last Run               Last # of DB Queries
----------------------------------  -----  ---------  --------  ----------  --------------  -------------------  ----------------------
/opt/airflow/dags/ride_pipeline.py                           1           0  1.01s           2026-06-08T17:08:25                      12
/opt/airflow/dags/test_sync.py                               1           0  0.20s           2026-06-08T17:07:55                      10
================================================================================
[2026-06-08T17:08:56.691+0000] {manager.py:997} INFO - 
================================================================================
DAG File Processing Stats

File Path                           PID    Runtime      # DAGs    # Errors  Last Runtime    Last Run               Last # of DB Queries
----------------------------------  -----  ---------  --------  ----------  --------------  -------------------  ----------------------
/opt/airflow/dags/ride_pipeline.py                           1           0  1.01s           2026-06-08T17:08:56                      12
/opt/airflow/dags/test_sync.py                               1           0  0.20s           2026-06-08T17:08:26                      10
================================================================================
[2026-06-08T17:09:27.755+0000] {manager.py:997} INFO - 
================================================================================
DAG File Processing Stats

File Path                           PID    Runtime      # DAGs    # Errors  Last Runtime    Last Run               Last # of DB Queries
----------------------------------  -----  ---------  --------  ----------  --------------  -------------------  ----------------------
/opt/airflow/dags/ride_pipeline.py                           1           0  0.92s           2026-06-08T17:09:27                      12
/opt/airflow/dags/test_sync.py                               1           0  0.21s           2026-06-08T17:08:57                      10
================================================================================
[2026-06-08T17:09:59.618+0000] {manager.py:997} INFO - 
================================================================================
DAG File Processing Stats

File Path                           PID    Runtime      # DAGs    # Errors  Last Runtime    Last Run               Last # of DB Queries
----------------------------------  -----  ---------  --------  ----------  --------------  -------------------  ----------------------
/opt/airflow/dags/ride_pipeline.py                           1           0  1.71s           2026-06-08T17:09:59                      12
/opt/airflow/dags/test_sync.py                               1           0  0.20s           2026-06-08T17:09:29                      10
================================================================================
[2026-06-08T17:10:04.663+0000] {manager.py:821} INFO - Searching for files in /opt/airflow/dags
[2026-06-08T17:10:04.709+0000] {manager.py:824} INFO - There are 2 files in /opt/airflow/dags
[2026-06-08T17:10:31.343+0000] {manager.py:997} INFO - 
================================================================================
DAG File Processing Stats

File Path                           PID    Runtime      # DAGs    # Errors  Last Runtime    Last Run               Last # of DB Queries
----------------------------------  -----  ---------  --------  ----------  --------------  -------------------  ----------------------
/opt/airflow/dags/ride_pipeline.py                           1           0  1.51s           2026-06-08T17:10:31                      12
/opt/airflow/dags/test_sync.py                               1           0  0.21s           2026-06-08T17:10:00                      10
================================================================================
[2026-06-08T17:11:02.409+0000] {manager.py:997} INFO - 
================================================================================
DAG File Processing Stats

File Path                           PID    Runtime      # DAGs    # Errors  Last Runtime    Last Run               Last # of DB Queries
----------------------------------  -----  ---------  --------  ----------  --------------  -------------------  ----------------------
/opt/airflow/dags/ride_pipeline.py                           1           0  0.90s           2026-06-08T17:11:02                      12
/opt/airflow/dags/test_sync.py                               1           0  0.20s           2026-06-08T17:10:32                      10
================================================================================
[2026-06-08T17:11:33.457+0000] {manager.py:997} INFO - 
================================================================================
DAG File Processing Stats

File Path                           PID    Runtime      # DAGs    # Errors  Last Runtime    Last Run               Last # of DB Queries
----------------------------------  -----  ---------  --------  ----------  --------------  -------------------  ----------------------
/opt/airflow/dags/ride_pipeline.py                           1           0  0.90s           2026-06-08T17:11:33                      12
/opt/airflow/dags/test_sync.py                               1           0  0.20s           2026-06-08T17:11:03                      10
================================================================================
[2026-06-08T17:12:05.011+0000] {manager.py:997} INFO - 
================================================================================
DAG File Processing Stats

File Path                           PID    Runtime      # DAGs    # Errors  Last Runtime    Last Run               Last # of DB Queries
----------------------------------  -----  ---------  --------  ----------  --------------  -------------------  ----------------------
/opt/airflow/dags/ride_pipeline.py                           1           0  1.41s           2026-06-08T17:12:05                      12
/opt/airflow/dags/test_sync.py                               1           0  0.20s           2026-06-08T17:11:34                      10
================================================================================
[2026-06-08T17:12:37.423+0000] {manager.py:997} INFO - 
================================================================================
DAG File Processing Stats

File Path                           PID    Runtime      # DAGs    # Errors  Last Runtime    Last Run               Last # of DB Queries
----------------------------------  -----  ---------  --------  ----------  --------------  -------------------  ----------------------
/opt/airflow/dags/ride_pipeline.py                           1           0  2.24s           2026-06-08T17:12:37                      12
/opt/airflow/dags/test_sync.py                               1           0  0.21s           2026-06-08T17:12:05                      10
================================================================================
[2026-06-08T17:13:09.469+0000] {manager.py:997} INFO - 
================================================================================
DAG File Processing Stats

File Path                           PID    Runtime      # DAGs    # Errors  Last Runtime    Last Run               Last # of DB Queries
----------------------------------  -----  ---------  --------  ----------  --------------  -------------------  ----------------------
/opt/airflow/dags/ride_pipeline.py                           1           0  1.83s           2026-06-08T17:13:09                      12
/opt/airflow/dags/test_sync.py                               1           0  0.51s           2026-06-08T17:12:39                      10
================================================================================
[2026-06-08T17:13:44.260+0000] {manager.py:997} INFO - 
================================================================================
DAG File Processing Stats

File Path                           PID    Runtime      # DAGs    # Errors  Last Runtime    Last Run               Last # of DB Queries
----------------------------------  -----  ---------  --------  ----------  --------------  -------------------  ----------------------
/opt/airflow/dags/ride_pipeline.py                           1           0  4.55s           2026-06-08T17:13:44                      12
/opt/airflow/dags/test_sync.py                               1           0  0.41s           2026-06-08T17:13:11                      10
================================================================================
[2026-06-08T17:14:16.117+0000] {manager.py:997} INFO - 
================================================================================
DAG File Processing Stats

File Path                           PID    Runtime      # DAGs    # Errors  Last Runtime    Last Run               Last # of DB Queries
----------------------------------  -----  ---------  --------  ----------  --------------  -------------------  ----------------------
/opt/airflow/dags/ride_pipeline.py                           1           0  1.61s           2026-06-08T17:14:16                      12
/opt/airflow/dags/test_sync.py                               1           0  0.51s           2026-06-08T17:13:45                      10
================================================================================
